0800 PutTheAvatarToBed_i
0801 IsBedroll_i
0802 RemoveFromList2_i
0803 DestroyTetra_i
0804 RemoveNearAvatar_i
0805 DestroySphere_i
0806 ExplodeGenerator_i
0807 DestroyCube_i
0808 EndPartyWait_i
0809 CartUsable_i
080A SeatParty_i
080B NextThrone_i
080C BargeType_i
080D IsPartySeated_i
080E ToggleDrawbridges_i
080F ClearMurderScene_i
0810 SetCubeFloor_i
0811 MakePartyWait_i
0812 LaunchCarpet_i
0813 FeedMember_i
0814 GolemsInPentacle_i
0815 ToggleDoorLock_i
0816 PullLever_i
0817 SelectWinch_i
0818 SayDoorBlocked_i
0819 BarkLocked_i
081A BarkMagicLocked_i
081B DoorState_i
081C SetDoorState_i
081D SwingDoor_i
081E SwingPartner_i
081F SwingWallNS_i
0820 SwingWallEW_i
0821 CloseMoongate_i
0822 TargetCoord_i
0823 MoongateDestination_i
0824 EnterMoongate_i
0825 ThrowBackCoord_i
0826 IsOrbMoongate_i
0827 DirFrom_i
0828 PathToItem_i
0829 SwingPlank_i
082A AddLists_i
082B NegateList_i
082C IsPlankBlocked_i
082D NewPlankCoord_i
082E CheckPrisms_i
082F StartRatRace_i
0830 SetSails_i
0831 LaunchShip_i
0832 RaisePortcullis_i
0833 LowerPortcullis_i
0834 OpenTrinsicGate_i
0835 SetStatTo_i
0836 SwitchPortcullis_i
0837 PlaceOnTarget_i
0838 CoolSwordBlank_i
0839 DouseTorch_i
083A TriplesBoard_i
083B TriplesRoll_i
083C TriplesBets_i
083D SettleTriples_i
083E WinchUsable_i
083F OpenGateWithWinch_i
0840 AlagnerLendsNotebook_i
0841 AnsikartSellsFood_i
0842 ApolloniaSellsFood_i
0843 ArcadionFades_i
0844 BlueGem_i
0845 ArcadionRestoresMagic_i
0846 IsHoldingBladeAndGem_i
0847 IsBodyType_i
0848 IsWorthyVictim_i
0849 IsUndeadType_i
084A ConfiscateBelongings_i
084B OfferBribe_i
084C AurvidlemSellsProvisions_i
084D BatlinOffersMembership_i
084E BatlinGivesExam_i
084F BatlinInductsAvatar_i
0850 BatlinHoldsMeeting_i
0851 BatlinGivesPackage_i
0852 AskFellowshipQuiz_i
0853 BetraSellsProvisions_i
0854 BootsBuysMutton_i
0855 BorisSellsFood_i
0856 BradmanTrains_i
0857 BrownieBuysPumpkins_i
0858 BudoSellsWeapons_i
0859 BudoSellsArmour_i
085A BudoSellsProvisions_i
085B CairbreBarks_i
085C CarlynSellsClothes_i
085D CarlynSellsFood_i
085E CarlynSellsDrink_i
085F ChadTrains_i
0860 ChantuHeals_i
0861 ChucklesCallsFoul_i
0862 ChucklesPlaysGame_i
0863 CoopSellsBows_i
0864 CosmoBarks_i
0865 CretinNoun_i
0866 CretinNoun2_i
0867 CretinAdjectives_i
0868 CretinVerb_i
0869 CretinVerb2_i
086A CretinAdverb_i
086B CretinAdverb2_i
086C CretinAnimal_i
086D CretinAnimal2_i
086E CretinSlangNoun_i
086F CretinLine_i
0870 CsilHeals_i
0871 DaphneSellsFood_i
0872 DellSellsWeapons_i
0873 DellSellsArmour_i
0874 DellSellsProvisions_i
0875 DenbyTrains_i
0876 DentonSellsFood_i
0877 TellNastassiaTale_i
0878 DeSnelTrains_i
0879 EladHeals_i
087A EldrothSellsProvisions_i
087B ElynorHoldsMeeting_i
087C EmpWantsHoney_i
087D PetrifyAvatar_i
087E ClearArea_i
087F StashItem_i
0880 MoveNPCAside_i
0881 AvatarStatue_i
0882 BoardFerry_i
0883 StartInvestigation_i
0884 AskInvestigationReport_i
0885 AskStablesSearch_i
0886 AskMapQuiz_i
0887 StepFireTrail_i
0888 ExplodeFireTrail_i
0889 ForbrakSellsFood_i
088A ForsytheVolunteers_i
088B SacrificeForsythe_i
088C FredSellsMeat_i
088D GarganCoughs_i
088E GayeSellsClothes_i
088F GlennoSellsDrink_i
0890 AdjharAsksHelp_i
0891 AdjharReadsBook_i
0892 AdjharGivesTalisman_i
0893 AdjharDutyDone_i
0894 BolluxUsable_i
0895 BolluxRevived_i
0896 BolluxDutyDone_i
0897 GraysonSellsArmour_i
0898 GraysonSellsWeapons_i
0899 GregSellsProvisions_i
089A InforlemTrainsMagic_i
089B InforlemTrainsCombat_i
089C InforlemSellsWeapons_i
089D InmanilemHeals_i
089E JaanaHeals_i
089F JakherTrains_i
08A0 JeanetteSellsFood_i
08A1 JehanneSellsProvisions_i
08A2 JillianTrains_i
08A3 JordanSellsAmmo_i
08A4 JordanSellsBows_i
08A5 KallibrusBarks_i
08A6 KarennaTrains_i
08A7 KellySellsProduce_i
08A8 KesslerSellsPotions_i
08A9 KliftinSellsWeapons_i
08AA KliftinSellsArmour_i
08AB KlogHoldsMeeting_i
08AC LeighHeals_i
08AD HoranceAsksHelp_i
08AE AskDestroyWell_i
08AF HoranceAsksProgress_i
08B0 LicheIgnoresAvatar_i
08B1 HoranceGivesStaff_i
08B2 HoranceTaskDone_i
08B3 LoadBarge_i
08B4 LordBritishHeals_i
08B5 LordBritishGivesShip_i
08B6 LuckyTrains_i
08B7 LucySellsFood_i
08B8 MackBuysEggs_i
08B9 MandySellsFood_i
08BA MargaretaTellsFortune_i
08BB MariahSellsSpells_i
08BC MariahSellsWares_i
08BD MarkusTrains_i
08BE MenionTrains_i
08BF RestoreHits_i
08C0 MordraTellsOfPeople_i
08C1 MordraGreetsRowena_i
08C2 MordraScoldsForsythe_i
08C3 NicodemusSellsSpells_i
08C4 NicodemusSellsReagents_i
08C5 NystulSellsSpells_i
08C6 NystulSellsReagents_i
08C7 PaulStagesPlay_i
08C8 PenniTrains_i
08C9 IsBlackrockPlaced_i
08CA PerrinTrains_i
08CB PhearcySellsFood_i
08CC PhearcySellsDrink_i
08CD PollySellsFood_i
08CE QuanPreaches_i
08CF RankinPreaches_i
08D0 RayburtTrains_i
08D1 RaymundoAuditions_i
08D2 ReynaHeals_i
08D3 RichterSellsWeapons_i
08D4 RichterSellsArmour_i
08D5 TellOfRescue_i
08D6 RowenaEmbracesTrent_i
08D7 EscortRowena_i
08D8 RowenaGivesRing_i
08D9 RowenaIgnoresAvatar_i
08DA RowenaPleadsIllness_i
08DB RudyomSellsSpells_i
08DC RudyomSellsReagents_i
08DD CauseTremor_i
08DE RutherfordSellsFood_i
08DF SalamonWantsHoney_i
08E0 SaralekWantsHoney_i
08E1 SarplingSellsJewelry_i
08E2 SarplingSellsReagents_i
08E3 SeanSellsJewelry_i
08E4 Seed_i
08E5 SentriTrains_i
08E6 RemoveAll_i
08E7 InIsleOfFire_i
08E8 PartyTalisman_i
08E9 IsInAvatarHands_i
08EA IsOnAvatarBack_i
08EB MakeRoomForType_i
08EC TellHubertTale_i
08ED TavenorWantsHoney_i
08EE TrellekWantsHoney_i
08EF TrentBuildsCage_i
08F0 TrentEmbracesRowena_i
08F1 RandomInsult_i
08F2 TseramedAccuses_i
08F3 TseramedAsksCombatStyle_i
08F4 TseramedGreetsInParty_i
08F5 IntroduceToTseramed_i
08F6 NPCLevel_i
08F7 IsNPCNear
08F8 SellItem_i
08F9 InBox_i
08FA StealItem_i
08FB GetPartyName
08FC IsNearEachOther_i
08FD FlashBlocked_i
08FE MemberBarks_i
08FF MemberSays_i
0900 PartySpeaker_i
0901 RandomNearMember_i
0902 FirstNearMember_i
0903 SayIfNear_i
0904 BarkIfNear_i
0905 StartBurning_i
0906 IsMagicOK_i
0907 PopToNPCNumber_i
0908 AvatarName
0909 LordOrLady
090A AskYesNo
090B AskList
090C AskOrdList
090D AskParty
090E AskParty2_i
090F GetNPCName
0910 GetStat
0911 GivePartyExp_i
0912 SetStat
0913 IndexInList_i
0914 StrTrain
0915 DexTrain
0916 IntTrain_i
0917 CombatTrain_i
0918 MagicTrain_i
0919 DescribeFellowship_i
091A ExplainPhilosophy_i
091B PriceString_i
091C SellPriceString_i
091D SellHealing_i
091E SellCure_i
091F SellResurrection_i
0920 GetStudent
0921 GetStudentExcept_i
0922 CanTrain
0923 SellSpell_i
0924 GargSellSpell_i
0925 ConsumeOne_i
0926 SwapWithVoid_i
0927 DrinkFromVessel_i
0928 DrinkFromVessel2_i
0929 WeaponUsable_i
092A ChangeHits_i
092B ListCount_i
092C PlaySfx75_i
092D DirFromAvatar_i
092E BarkAboutWork_i
092F GargBarkAboutWork_i
0930 PostScriptNow_i
0931 IsInInv
0932 AbsValue_i
0933 Bark_i
0934 EnemyList_i
0935 NearestInList_i
0936 DoDamage_i
0937 IsAbleToTalk_i
0938 IsHelpless_i
0939 InstanceOf_i
093A RestParty_i
093B RecoverStat_i
093C RemoveFromList_i
093D SortByCriteria_i
093E InTrinsic_i
093F SetWorkTypeUnlessWaiting_i
0940 PlaySpeechOrText_i
0941 PlaySpeechOrTextAndWait_i
0942 IgniteLight_i
0943 ShowRinging_i
0944 InAvatarInv_i
0945 OuterContainer_i
0946 WillySellsBread_i
0947 WillyBuysBread_i
0948 WillyBuysFlour_i
0949 WisSurSellsPotions_i
094A WisSurSellsReagents_i
094B GargoyleHaggle_i
094C WisSurSellsSpells_i
094D YongiSellsFood_i
094E YongiSellsDrink_i
094F ZaksamTrains_i
0950 ZellaTrains_i
0951 ZinaidaSellsFood_i
0952 ZornSellsWeapons_i
0953 ZornSellsArmour_i
