0800 Seed_i
0801 AlyssandWhispers_i
0802 JoinTheCause_i
0803 AlyssandSells_i
0804 AlyssandHaggles_i
0805 ArgusSellsFood_i
0806 ArgusSellsDrink_i
0807 ArgusHaggles_i
0808 ServantUsable_i
0809 AutomatonUsable_i
080A BoydonReturnsBelongings_i
080B ExchangeCoins_i
080C BuciaSells_i
080D BuciaHaggles_i
080E BatlinFightsCantra_i
080F JailerSellsFood_i
0810 JailerSellsHealing_i
0811 CelliaSells_i
0812 CelliaHaggles_i
0813 PopToParty_i
0814 CloneIoloLeaves_i
0815 ThrowSwitch_i
0816 ColumnaSellsSpells_i
0817 ColumnaHaggles_i
0818 DelinSells_i
0819 DelinHaggles_i
081A DelphyniaHeals_i
081B DelphyniaSells_i
081C DelphyniaHaggles_i
081D DevraChangesMoney_i
081E DevraSellsFood_i
081F DevraSellsDrink_i
0820 DevraHaggles_i
0821 AskLiarsRiddle_i
0822 AskEarringsRiddle_i
0823 AskLongtoothRiddle_i
0824 AskClothRiddle_i
0825 IsDraxtaAtVisionPlace_i
0826 DucioMakesWormGem_i
0827 DucioSellsProvisions_i
0828 DucioHaggles_i
0829 DupreReturnsBelongings_i
082A ElissaSellsSpells_i
082B ElissaHaggles_i
082C ElissaTrains_i
082D EnsorcioSellsSpells_i
082E EnsorcioHaggles_i
082F GatherMoney_i
0830 InterruptFilbercio_i
0831 StepToward_i
0832 LevelOffset_i
0833 FlickenWorksGate_i
0834 GustacioTeachesSpells_i
0835 GwennoReturnsBelongings_i
0836 HarnnaHeals_i
0837 HarnnaSellsProduce_i
0838 HarnnaHaggles_i
0839 IsHawkInPub_i
083A HawkSetsSail_i
083B HoundTracks_i
083C IoloReturnsBelongings_i
083D JendonSellsFood_i
083E JendonSellsDrink_i
083F JendonHaggles_i
0840 JuliaSellsWine_i
0841 JuliaHaggles_i
0842 KraygSellsProvisions_i
0843 KraygBuysLeather_i
0844 KraygHaggles_i
0845 LucillaSellsFood_i
0846 LucillaSellsDrink_i
0847 LucillaHaggles_i
0848 LutherGivesShield_i
0849 LutherChallenges_i
084A MarstenGrantsTest_i
084B MelinoSellsSpells_i
084C MelinoHaggles_i
084D MonkWorkType_i
084E MonkCoord_i
084F MortegroSellsSpells_i
0850 MortegroHaggles_i
0851 PetraRentsRoom_i
0852 PetraSellsFood_i
0853 PetraSellsDrink_i
0854 PetraHaggles_i
0855 ElsiWorksGate_i
0856 SummonGoblins_i
0857 PothosBuysStonehearts_i
0858 PothosSellsPotions_i
0859 PothosSellsReagents_i
085A PothosSellsMagicItems_i
085B PothosHaggles_i
085C RabindrinathCasts_i
085D RabindrinathTeleports_i
085E RoccoSellsFood_i
085F RoccoSellsDrink_i
0860 RoccoHaggles_i
0861 SelinaReturnsBelongings_i
0862 SelinaDropsBelongings_i
0863 ShaminoReturnsBelongings_i
0864 RestoreYelinda_i
0865 SpektorChangesMoney_i
0866 StandarrSellsArmour_i
0867 StandarrSellsWeapons_i
0868 StandarrBuysArmour_i
0869 StandarrHaggles_i
086A StefanoReturnsBelongings_i
086B SurokHeals_i
086C RestoreCompanion_i
086D RestoreCompanions_i
086E TopoBuysGems_i
086F TopoSellsProvisions_i
0870 TopoHaggles_i
0871 TorrissioSellsSpells_i
0872 TorrissioHaggles_i
0873 TsandarTrains_i
0874 WilfredReturnsBelongings_i
0875 WilfredTrains_i
0876 ZhelkasGreets_i
0877 ZhelkasGivesSerpentRing_i
0878 ZhelkasResumesWork_i
0879 ZhelkasAdmitsAvatar_i
087A ZhelkasOpensBridge_i
087B ZulithChangesMoney_i
087C UseAmuletOfBalance_i
087D ConfiscateBelongings_i
087E OfferBribe_i
087F PutTheAvatarToBed_i
0880 IsBedroll_i
0881 UnlockInnDoors_i
0882 SpringFireTrap_i
0883 RemoveForceWalls_i
0884 PlateSwingsDoor_i
0885 CheckPlateOrder_i
0886 ResetPlateOrder_i
0887 ClimbWell_i
0888 OpenOrbDoor_i
0889 FillBucket_i
088A PourBucket_i
088B ReachAndUse_i
088C PickUpBucket_i
088D SeatParty_i
088E NextThrone_i
088F BargeType_i
0890 IsPartySeated_i
0891 CretinNoun_i
0892 CretinNoun2_i
0893 CretinAdjectives_i
0894 CretinVerb_i
0895 CretinVerb2_i
0896 CretinAdverb_i
0897 CretinAdverb2_i
0898 CretinAnimal_i
0899 CretinAnimal2_i
089A CretinSlangNoun_i
089B CretinLine_i
089C AvatarBodyType_i
089D ToggleDrawbridges_i
089E RaiseElevator_i
089F LowerElevator_i
08A0 RandomMember_i
08A1 CollapseColumn_i
08A2 AltarHealsParty_i
08A3 AltarGivesArtifact_i
08A4 AltarPleasesParty_i
08A5 AltarCheersParty_i
08A6 SetDoorsByRod_i
08A7 ShooterDir_i
08A8 DirOffset_i
08A9 AlyssandSeeksAvatar_i
08AA JorvinBringsInvitation_i
08AB SendAssassin_i
08AC JailedNPC_i
08AD EatFood_i
08AE TeldronoFlees_i
08AF ReturnDaemonSword_i
08B0 PushPopHands_i
08B1 ForceItemOnNPC_i
08B2 AutoUsable_i
08B3 FillBackupChest_i
08B4 PartyWaits_i
08B5 AwakeMember_i
08B6 PartyCompanions_i
08B7 SetGwaniWorkTypes_i
08B8 ResetQuadrant_i
08B9 PolymorphParty_i
08BA DrayganCallsBeasts_i
08BB CaptivePleadsEgg_i
08BC ScratchingCoffinEgg_i
08BD ResetStones_i
08BE IsNextStone_i
08BF SummonXenkaEgg_i
08C0 AnimateWalls_i
08C1 IsAltarReady_i
08C2 SeatCourtEgg_i
08C3 PostCourtGuardEgg_i
08C4 JailTraitorEgg_i
08C5 PartyLooksSE_i
08C6 PartyLooksNE_i
08C7 PartyLooksNW_i
08C8 PartyLooksAtAvatar_i
08C9 ToothSliderEgg_i
08CA GrievingHusbandEgg_i
08CB JailerGreetsEgg_i
08CC FiresBurnOutEgg_i
08CD LorthondoKillsGuardEgg_i
08CE PlaceSabrinaEgg_i
08CF ShiftPartyNS_i
08D0 LorthondoAmbushEgg_i
08D1 RatMenEgg_i
08D2 SabrinaFollowsEgg_i
08D3 PartyLightningEgg_i
08D4 SabrinaWakesNightmareEgg_i
08D5 UnleashFighters_i
08D6 UnleashTrolls_i
08D7 RabbitRewardEgg_i
08D8 TeldronoTalksEgg_i
08D9 ToggleDoorLock_i
08DA PullLever_i
08DB FireCrematorium_i
08DC VanishItem_i
08DD RemakeItem_i
08DE CatEatsFish_i
08DF TransformItem_i
08E0 WinchQual_i
08E1 ExperimentFloor_i
08E2 RunExperiment_i
08E3 FinishFirstExperiment_i
08E4 ToggleDoorByQual_i
08E5 DropDupreItems_i
08E6 ShockAvatar_i
08E7 LoadBarge_i
08E8 ResetLogicSteps_i
08E9 CompleteLogicSteps_i
08EA IsOdd_i
08EB IsBitSet_i
08EC FilbercioCatchesAvatar_i
08ED ReactToTestTale_i
08EE CreateDeadGuard_i
08EF AntiDupreKillsCaladin_i
08F0 SayBanquetTime_i
08F1 BrendannBedDistance_i
08F2 GatherMonks_i
08F3 IsBaneQuestDone_i
08F4 KarnaxAppears_i
08F5 MonkMakesPeace_i
08F6 SaveDeathCoord_i
08F7 DeathCoord_i
08F8 InRect_i
08F9 IsDeathCoordSafe_i
08FA MonksSendParty_i
08FB NearbyBodies_i
08FC IsBodyNear_i
08FD OrderListNames_i
08FE ResurrectBodies_i
08FF MessengerBringsScroll_i
0900 BanterSpeakers_i
0901 CondemnToFreedom_i
0902 SwingSerpPartner_i
0903 SayDoorBlocked_i
0904 BarkLocked_i
0905 BarkMagicLocked_i
0906 DoorState_i
0907 SetDoorState_i
0908 SwingDoor_i
0909 SwingPartner_i
090A SwingSDoorNS_i
090B SwingSDoorEW_i
090C DirFrom_i
090D PathToItem_i
090E PathNPCToItem_i
090F AvatarReachableSpot_i
0910 SwingPlank_i
0911 AddLists_i
0912 NegateList_i
0913 IsPlankBlocked_i
0914 NewPlankCoord_i
0915 RemoveSelf_i
0916 PlayQuestSpeech_i
0917 SetSails_i
0918 LaunchShip_i
0919 RaiseAlarm_i
091A MushroomDelusion_i
091B BrendannBegsRelease_i
091C LucillaBegsRelease_i
091D SpringCellTrap_i
091E OpenSlider_i
091F PostUsable_i
0920 TogglePortcullises_i
0921 CheckDoorPassword_i
0922 PlaySpeechOrText_i
0923 IsTrioNear_i
0924 ToggleSliders_i
0925 FuseReagents_i
0926 ThrowSceneSwitch_i
0927 PleaseSlaves_i
0928 ThrowDoorSwitch_i
0929 SwitchDrawbridges_i
092A TeleportBySwitch_i
092B SetGotFlags_i
092C GiveTeleList_i
092D LightTorch_i
092E NowSettleDownBoys
092F AbortTournament_i
0930 TournamentDoor_i
0931 CleanUpTournament
0932 InListField_i
0933 TrainAtListField_i
0934 StartTournament
0935 ContStartOfTournament
0936 DeclareWinner_i
0937 PathStudentToItem_i
0938 TRIAL
0939 OpenTrial_i
093A CloseTrial_i
093B HearWitnesses_i
093C CallWitness_i
093D FindDebris_i
093E CreateDebris_i
093F CreateRandItem_i
0940 RandomCoord_i
0941 NPCLevel_i
0942 IsNPCNear
0943 SellItem_i
0944 InBox_i
0945 StealItem_i
0946 GetPartyName
0947 IsNearEachOther_i
0948 FlashBlocked_i
0949 MemberBarks_i
094A MemberSays_i
094B PartySpeaker_i
094C RandomNearMember_i
094D FirstNearMember_i
094E SayIfNear_i
094F BarkIfNear_i
0950 StartBurning_i
0951 IsMagicOK_i
0952 PopToNPCNumber_i
0953 AvatarName
0954 LordOrLady
0955 AskYesNo
0956 AskList
0957 AskOrdList
0958 AskParty
0959 AskFullParty_i
095A AskParty2_i
095B GetNPCName
095C GetStat
095D GivePartyExp_i
095E SetStat
095F IndexInList_i
0960 StrTrain
0961 DexTrain
0962 IntTrain_i
0963 CombatTrain_i
0964 MagicTrain_i
0965 DescribeFellowship_i
0966 ExplainPhilosophy_i
0967 PriceString_i
0968 SellPriceString_i
0969 SellHealing_i
096A SellCure_i
096B SellResurrection_i
096C GetStudent
096D GetStudentExcept_i
096E CanTrain
096F SellSpell_i
0970 GargSellSpell_i
0971 ConsumeOne_i
0972 SwapWithVoid_i
0973 DrinkFromVessel_i
0974 DrinkFromVessel2_i
0975 WeaponUsable_i
0976 ChangeHits_i
0977 ListCount_i
0978 PlayAppearSound_i
0979 DirFromAvatar_i
097A BarkAboutWork_i
097B GargBarkAboutWork_i
097C PostScriptNow_i
097D IsInInv
097E AbsValue_i
097F Bark_i
0980 EnemyList_i
0981 NearestInList_i
0982 DoDamage_i
0983 IsAbleToTalk_i
0984 IsHelpless_i
0985 InstanceOf_i
0986 RestParty_i
0987 RecoverStat_i
0988 RemoveFromList_i
0989 SortByCriteria_i
098A IgniteLight_i
098B ShowRinging_i
098C AskCopyProtection_i
098D OrderList_i
098E PartyNoAutomatons_i
098F PartyNoAutomatons2_i
0990 PartySays
0991 PartyBarks
0992 PartyUtters
0993 WhereIs_i
0994 WhereAmI_i
0995 InColdRegion_i
0996 TransferItems_i
0997 ExchangeBarks_i
0998 EncircleWithFire_i
0999 Haggle_i
099A RemoveNth2_i
099B GiveItemsOrDrop_i
099C TakeAllFromParty_i
099D InAvatarInv_i
099E OuterContainer_i
099F FindInParty_i
09A0 GimmePathEgg
09A1 CreateAttacker_i
09A2 MoveNear_i
09A3 RemoveAll_i
09A4 RemoveContents_i
09A5 SpringRodTrap_i
09A6 IsContainer_i
09A7 RemoveNth_i
09A8 MatchesInList_i
09A9 CoordMatches_i
09AA UnfreezeAvatar_i
09AB CreateItemAt_i
09AC SetWorkTypeAt_i
09AD AttackAvatar_i
09AE UsePatience_i
09AF IntroduceNPC_i
09B0 SingSong_i
09B1 AskForTip_i
09B2 UndressAvatar_i
09B3 ReturnBelongings_i
09B4 ChooseMeetingPlace_i
09B5 ChooseVision_i
09B6 ShowVision_i
09B7 KillTowerGoblin_i
09B8 ResetBanes_i
09B9 FireFieldSpot_i
09BA IsAnyBaneDead_i
09BB WinchUsable_i
09BC LockDoorsNear_i
09BD OpenDoorsNear_i
09BE OpenGateWithWinch_i
09BF CreateWorm_i
09C0 CountWormKills_i
09C1 FillRewardChest_i
